^ ^ ^ ^ ^ ^ ^ ^ ^ ^ ^ ^ ^ ^ ^ ^ ^ ^ ^ ^ ^ ^ ^ ^ ^ ^
^ . . . . . . . . . . . . . . . . . . . . . . . . ^
^ . . . T T T T T T . . . . . . . . . . . . . . . ^
^ . . . . T . . . . . . . . . . . . . . T T . . . ^
^ . . . . . . . . . . . . . . . . . . . . . . . . ^
^ . . . . . l l . . . . . . . . . . . . . . . . . ^
^ . . . . . l l . . . . . . . . . . . . . . . . . ^
^ . . . . . . . . . . . . . . . . . . . . . . . . ^
^ . . . . . . . . . . . . . . . l l . . . . . . . ^
^ ~ ~ . . . . . . . . . . . . . . . . . . . . . . ^
^ . ~ ~ ~ . ~ ~ ~ . . . . . . . . . . . . . . . . ^
^ . . . . . . . ~ ~ . . . . . . . . . . . . . . . ^
^ . . . . . . . . ~ ~ ~ ~ ~ ~ ~ ~ ~ ~ ~ ~ ~ ~ ~ ~ ~
^ . . . . . . . . . . . . . . . . . . . . . . . . ^
^ . . . . . . . . . . . . . . . . . . . . . . . . ^
^ . . . . . . . . . . . . . T T . . . . . . . . . ^
^ . . . . . . . . . . . . . . . . . . . . . l . l ^
^ . . . . . . . . . . . . . . . . . . . . . l . l ^
^ ^ ^ ^ ^ ^ ^ ^ ^ ^ ^ ^ ^ ^ ^ ^ ^ ^ ^ ^ ^ ^ ^ ^ ^ ^
^ ^ ^ ^ ^ ^ ^ ^ ^ ^ ^ ^ ^ ^ ^ ^ ^ ^ ^ ^ ^ ^ ^ ^ ^ ^
